{"messages":
 [{"severity": "error",
   "pos": {"line": 1, "column": 15},
   "endPos": {"line": 1, "column": 32},
   "data": "unsolved goals\nâŠ¢ Nat"}],
 "env": 0}

