{"sorries": [], "messages": [], "env": 0}

{"sorries":
 [{"proofState": 0,
   "pos": {"line": 1, "column": 18},
   "goal": "⊢ Nat",
   "endPos": {"line": 1, "column": 23}}],
 "messages":
 [{"severity": "warning",
   "pos": {"line": 1, "column": 4},
   "endPos": {"line": 1, "column": 5},
   "data": "declaration uses 'sorry'"}],
 "env": 1}

{"proofState": 1, "messages": [], "goals": ["⊢ Nat"]}

{"proofState": 2, "messages": [], "goals": ["⊢ Nat"]}

{"proofState": 3, "messages": [], "goals": ["t : Nat\n⊢ Nat"]}

{"proofState": 4, "messages": [], "goals": ["t : Nat\n⊢ Nat"]}

{"proofState": 5, "messages": [], "goals": ["t : Nat\n⊢ Nat"]}

{"proofState": 6, "messages": [], "goals": []}

