{"proofState": 0, "messages": [], "goals": ["t : Nat\n‚ä¢ Nat"]}

{"proofState": 1, "messages": [], "goals": []}

