{"sorries": [], "messages": [], "env": 0}
{"sorries": [], "messages": [], "env": 0}
{"sorries": [], "messages": [], "env": 1}
{"sorries": [], "messages": [], "env": 2}
